================================================
 GES Hyperledger Fabric Network — Windows Setup
================================================

[OK] Docker Desktop is running.

[1/5] Cleaning up previous network state...
   Done.

[2/5] Creating ledger directories...
   Done.

[3/5] Building setup image and generating crypto materials...
#0 building with "desktop-linux" instance using docker driver

#1 [internal] load build definition from Dockerfile.tools
#1 transferring dockerfile:
#1 transferring dockerfile: 369B 0.1s done
#1 DONE 0.4s

#2 [internal] load metadata for docker.io/hyperledger/fabric-tools:2.5
#2 ...

#3 [auth] hyperledger/fabric-tools:pull token for registry-1.docker.io
#3 DONE 0.0s

#2 [internal] load metadata for docker.io/hyperledger/fabric-tools:2.5
#2 DONE 7.8s

#4 [internal] load .dockerignore
#4 transferring context: 2B 0.0s done
#4 DONE 0.1s

#5 [internal] load build context
#5 DONE 0.0s

#6 [1/6] FROM docker.io/hyperledger/fabric-tools:2.5@sha256:1d163b2513453637c2eb8ffe00bfb367f6edb2fb824604818f30646f552c9f42
#6 resolve docker.io/hyperledger/fabric-tools:2.5@sha256:1d163b2513453637c2eb8ffe00bfb367f6edb2fb824604818f30646f552c9f42 0.1s done
#6 ...

#5 [internal] load build context
#5 transferring context: 9.28kB 0.7s done
#5 DONE 0.9s

#6 [1/6] FROM docker.io/hyperledger/fabric-tools:2.5@sha256:1d163b2513453637c2eb8ffe00bfb367f6edb2fb824604818f30646f552c9f42
#6 sha256:4c42d76d86e62d2e9e033c4f68f4a7570d5450a827db9368a081efd1fc7b03bc 0B / 56.33MB 0.2s
#6 sha256:2eba1327e4ee733c2fc179d4374352f1bd5f97ee765e6d61fe775b3a276ad721 0B / 67.28MB 0.2s
#6 sha256:195943eba3e00703a42e966445adbfbaef9068ffa0b215273aeda1b63e944109 0B / 23.75kB 0.2s
#6 sha256:c4ec8ba8fd34767c7c7951a81bbcf6fed751f3d2eee92e3a08e40776a666a9e6 0B / 101.72MB 0.2s
#6 sha256:195943eba3e00703a42e966445adbfbaef9068ffa0b215273aeda1b63e944109 23.75kB / 23.75kB 1.9s done
#6 sha256:1066b0b6e6cb40abb7e0c5c2080151810c44a78afd9a9d39ff9922e12efbbcbb 0B / 158B 0.2s
#6 sha256:1066b0b6e6cb40abb7e0c5c2080151810c44a78afd9a9d39ff9922e12efbbcbb 158B / 158B 1.1s done
#6 sha256:40d16f30db405106ef8074779bdf41f012465c2a785bbeaa2eab9f2081099b47 0B / 29.74MB 0.2s
#6 sha256:4c42d76d86e62d2e9e033c4f68f4a7570d5450a827db9368a081efd1fc7b03bc 1.05MB / 56.33MB 5.3s
#6 sha256:2eba1327e4ee733c2fc179d4374352f1bd5f97ee765e6d61fe775b3a276ad721 0B / 67.28MB 5.3s
#6 sha256:c4ec8ba8fd34767c7c7951a81bbcf6fed751f3d2eee92e3a08e40776a666a9e6 0B / 101.72MB 5.3s
#6 sha256:40d16f30db405106ef8074779bdf41f012465c2a785bbeaa2eab9f2081099b47 0B / 29.74MB 5.3s
#6 sha256:4c42d76d86e62d2e9e033c4f68f4a7570d5450a827db9368a081efd1fc7b03bc 3.15MB / 56.33MB 10.4s
#6 sha256:2eba1327e4ee733c2fc179d4374352f1bd5f97ee765e6d61fe775b3a276ad721 1.05MB / 67.28MB 10.5s
#6 sha256:c4ec8ba8fd34767c7c7951a81bbcf6fed751f3d2eee92e3a08e40776a666a9e6 1.05MB / 101.72MB 10.4s
#6 sha256:40d16f30db405106ef8074779bdf41f012465c2a785bbeaa2eab9f2081099b47 2.10MB / 29.74MB 8.3s
#6 sha256:40d16f30db405106ef8074779bdf41f012465c2a785bbeaa2eab9f2081099b47 4.19MB / 29.74MB 9.7s
#6 sha256:4c42d76d86e62d2e9e033c4f68f4a7570d5450a827db9368a081efd1fc7b03bc 6.29MB / 56.33MB 14.2s
#6 sha256:c4ec8ba8fd34767c7c7951a81bbcf6fed751f3d2eee92e3a08e40776a666a9e6 4.19MB / 101.72MB 15.4s
#6 sha256:2eba1327e4ee733c2fc179d4374352f1bd5f97ee765e6d61fe775b3a276ad721 4.19MB / 67.28MB 15.5s
#6 sha256:40d16f30db405106ef8074779bdf41f012465c2a785bbeaa2eab9f2081099b47 6.29MB / 29.74MB 13.0s
#6 sha256:40d16f30db405106ef8074779bdf41f012465c2a785bbeaa2eab9f2081099b47 8.39MB / 29.74MB 15.1s
#6 sha256:4c42d76d86e62d2e9e033c4f68f4a7570d5450a827db9368a081efd1fc7b03bc 9.44MB / 56.33MB 18.2s
#6 sha256:c4ec8ba8fd34767c7c7951a81bbcf6fed751f3d2eee92e3a08e40776a666a9e6 6.29MB / 101.72MB 20.5s
#6 sha256:40d16f30db405106ef8074779bdf41f012465c2a785bbeaa2eab9f2081099b47 10.49MB / 29.74MB 17.5s
#6 sha256:2eba1327e4ee733c2fc179d4374352f1bd5f97ee765e6d61fe775b3a276ad721 6.29MB / 67.28MB 20.6s
#6 sha256:4c42d76d86e62d2e9e033c4f68f4a7570d5450a827db9368a081efd1fc7b03bc 12.58MB / 56.33MB 22.4s
#6 sha256:40d16f30db405106ef8074779bdf41f012465c2a785bbeaa2eab9f2081099b47 12.58MB / 29.74MB 20.3s
#6 sha256:c4ec8ba8fd34767c7c7951a81bbcf6fed751f3d2eee92e3a08e40776a666a9e6 7.34MB / 101.72MB 25.6s
#6 sha256:2eba1327e4ee733c2fc179d4374352f1bd5f97ee765e6d61fe775b3a276ad721 8.39MB / 67.28MB 25.7s
#6 sha256:4c42d76d86e62d2e9e033c4f68f4a7570d5450a827db9368a081efd1fc7b03bc 12.58MB / 56.33MB 27.5s
#6 sha256:40d16f30db405106ef8074779bdf41f012465c2a785bbeaa2eab9f2081099b47 12.58MB / 29.74MB 25.4s
#6 sha256:40d16f30db405106ef8074779bdf41f012465c2a785bbeaa2eab9f2081099b47 14.68MB / 29.74MB 26.3s
#6 sha256:c4ec8ba8fd34767c7c7951a81bbcf6fed751f3d2eee92e3a08e40776a666a9e6 10.49MB / 101.72MB 30.7s
#6 sha256:2eba1327e4ee733c2fc179d4374352f1bd5f97ee765e6d61fe775b3a276ad721 10.49MB / 67.28MB 30.9s
#6 sha256:4c42d76d86e62d2e9e033c4f68f4a7570d5450a827db9368a081efd1fc7b03bc 14.68MB / 56.33MB 32.6s
#6 sha256:40d16f30db405106ef8074779bdf41f012465c2a785bbeaa2eab9f2081099b47 16.78MB / 29.74MB 29.6s
#6 sha256:40d16f30db405106ef8074779bdf41f012465c2a785bbeaa2eab9f2081099b47 18.87MB / 29.74MB 30.8s
#6 sha256:40d16f30db405106ef8074779bdf41f012465c2a785bbeaa2eab9f2081099b47 20.97MB / 29.74MB 32.2s
#6 sha256:4c42d76d86e62d2e9e033c4f68f4a7570d5450a827db9368a081efd1fc7b03bc 17.83MB / 56.33MB 35.5s
#6 sha256:2eba1327e4ee733c2fc179d4374352f1bd5f97ee765e6d61fe775b3a276ad721 14.68MB / 67.28MB 35.5s
#6 sha256:c4ec8ba8fd34767c7c7951a81bbcf6fed751f3d2eee92e3a08e40776a666a9e6 13.63MB / 101.72MB 35.8s
#6 sha256:40d16f30db405106ef8074779bdf41f012465c2a785bbeaa2eab9f2081099b47 23.07MB / 29.74MB 34.1s
#6 sha256:40d16f30db405106ef8074779bdf41f012465c2a785bbeaa2eab9f2081099b47 25.17MB / 29.74MB 36.5s
#6 sha256:4c42d76d86e62d2e9e033c4f68f4a7570d5450a827db9368a081efd1fc7b03bc 19.92MB / 56.33MB 40.6s
#6 sha256:2eba1327e4ee733c2fc179d4374352f1bd5f97ee765e6d61fe775b3a276ad721 17.83MB / 67.28MB 40.6s
#6 sha256:c4ec8ba8fd34767c7c7951a81bbcf6fed751f3d2eee92e3a08e40776a666a9e6 17.83MB / 101.72MB 41.0s
#6 sha256:40d16f30db405106ef8074779bdf41f012465c2a785bbeaa2eab9f2081099b47 27.26MB / 29.74MB 39.8s
#6 sha256:2eba1327e4ee733c2fc179d4374352f1bd5f97ee765e6d61fe775b3a276ad721 22.02MB / 67.28MB 45.5s
#6 sha256:40d16f30db405106ef8074779bdf41f012465c2a785bbeaa2eab9f2081099b47 29.36MB / 29.74MB 42.4s
#6 sha256:4c42d76d86e62d2e9e033c4f68f4a7570d5450a827db9368a081efd1fc7b03bc 20.97MB / 56.33MB 45.7s
#6 sha256:c4ec8ba8fd34767c7c7951a81bbcf6fed751f3d2eee92e3a08e40776a666a9e6 22.02MB / 101.72MB 46.3s
#6 sha256:2eba1327e4ee733c2fc179d4374352f1bd5f97ee765e6d61fe775b3a276ad721 25.47MB / 67.28MB 49.6s
#6 sha256:40d16f30db405106ef8074779bdf41f012465c2a785bbeaa2eab9f2081099b47 29.74MB / 29.74MB 46.5s done
#6 sha256:4c42d76d86e62d2e9e033c4f68f4a7570d5450a827db9368a081efd1fc7b03bc 24.12MB / 56.33MB 50.6s
#6 extracting sha256:40d16f30db405106ef8074779bdf41f012465c2a785bbeaa2eab9f2081099b47
#6 sha256:c4ec8ba8fd34767c7c7951a81bbcf6fed751f3d2eee92e3a08e40776a666a9e6 25.17MB / 101.72MB 51.4s
#6 sha256:2eba1327e4ee733c2fc179d4374352f1bd5f97ee765e6d61fe775b3a276ad721 29.36MB / 67.28MB 52.6s
#6 sha256:4c42d76d86e62d2e9e033c4f68f4a7570d5450a827db9368a081efd1fc7b03bc 25.17MB / 56.33MB 55.7s
#6 sha256:c4ec8ba8fd34767c7c7951a81bbcf6fed751f3d2eee92e3a08e40776a666a9e6 27.26MB / 101.72MB 56.5s
#6 sha256:2eba1327e4ee733c2fc179d4374352f1bd5f97ee765e6d61fe775b3a276ad721 29.36MB / 67.28MB 57.7s
#6 extracting sha256:40d16f30db405106ef8074779bdf41f012465c2a785bbeaa2eab9f2081099b47 9.3s done
#6 sha256:4c42d76d86e62d2e9e033c4f68f4a7570d5450a827db9368a081efd1fc7b03bc 25.17MB / 56.33MB 60.8s
#6 sha256:c4ec8ba8fd34767c7c7951a81bbcf6fed751f3d2eee92e3a08e40776a666a9e6 27.26MB / 101.72MB 61.6s
#6 sha256:2eba1327e4ee733c2fc179d4374352f1bd5f97ee765e6d61fe775b3a276ad721 30.41MB / 67.28MB 62.8s
#6 sha256:4c42d76d86e62d2e9e033c4f68f4a7570d5450a827db9368a081efd1fc7b03bc 26.21MB / 56.33MB 65.9s
#6 sha256:c4ec8ba8fd34767c7c7951a81bbcf6fed751f3d2eee92e3a08e40776a666a9e6 28.31MB / 101.72MB 66.7s
#6 sha256:2eba1327e4ee733c2fc179d4374352f1bd5f97ee765e6d61fe775b3a276ad721 31.46MB / 67.28MB 67.9s
#6 sha256:4c42d76d86e62d2e9e033c4f68f4a7570d5450a827db9368a081efd1fc7b03bc 27.26MB / 56.33MB 71.0s
#6 sha256:c4ec8ba8fd34767c7c7951a81bbcf6fed751f3d2eee92e3a08e40776a666a9e6 29.36MB / 101.72MB 71.8s
#6 sha256:2eba1327e4ee733c2fc179d4374352f1bd5f97ee765e6d61fe775b3a276ad721 32.51MB / 67.28MB 73.0s
#6 sha256:4c42d76d86e62d2e9e033c4f68f4a7570d5450a827db9368a081efd1fc7b03bc 28.31MB / 56.33MB 76.0s
#6 sha256:c4ec8ba8fd34767c7c7951a81bbcf6fed751f3d2eee92e3a08e40776a666a9e6 30.41MB / 101.72MB 76.8s
#6 sha256:2eba1327e4ee733c2fc179d4374352f1bd5f97ee765e6d61fe775b3a276ad721 33.55MB / 67.28MB 78.0s
#6 sha256:4c42d76d86e62d2e9e033c4f68f4a7570d5450a827db9368a081efd1fc7b03bc 28.31MB / 56.33MB 81.1s
#6 sha256:c4ec8ba8fd34767c7c7951a81bbcf6fed751f3d2eee92e3a08e40776a666a9e6 31.46MB / 101.72MB 81.9s
#6 sha256:2eba1327e4ee733c2fc179d4374352f1bd5f97ee765e6d61fe775b3a276ad721 33.55MB / 67.28MB 83.1s
#6 sha256:4c42d76d86e62d2e9e033c4f68f4a7570d5450a827db9368a081efd1fc7b03bc 29.36MB / 56.33MB 86.3s
#6 sha256:c4ec8ba8fd34767c7c7951a81bbcf6fed751f3d2eee92e3a08e40776a666a9e6 32.51MB / 101.72MB 87.0s
#6 sha256:2eba1327e4ee733c2fc179d4374352f1bd5f97ee765e6d61fe775b3a276ad721 34.60MB / 67.28MB 88.4s
#6 sha256:4c42d76d86e62d2e9e033c4f68f4a7570d5450a827db9368a081efd1fc7b03bc 30.41MB / 56.33MB 91.3s
#6 sha256:c4ec8ba8fd34767c7c7951a81bbcf6fed751f3d2eee92e3a08e40776a666a9e6 33.55MB / 101.72MB 92.1s
#6 sha256:2eba1327e4ee733c2fc179d4374352f1bd5f97ee765e6d61fe775b3a276ad721 35.65MB / 67.28MB 93.4s
#6 sha256:4c42d76d86e62d2e9e033c4f68f4a7570d5450a827db9368a081efd1fc7b03bc 31.46MB / 56.33MB 96.7s
#6 sha256:c4ec8ba8fd34767c7c7951a81bbcf6fed751f3d2eee92e3a08e40776a666a9e6 34.60MB / 101.72MB 97.1s
#6 sha256:2eba1327e4ee733c2fc179d4374352f1bd5f97ee765e6d61fe775b3a276ad721 36.70MB / 67.28MB 98.6s
#6 sha256:4c42d76d86e62d2e9e033c4f68f4a7570d5450a827db9368a081efd1fc7b03bc 34.60MB / 56.33MB 101.3s
#6 sha256:c4ec8ba8fd34767c7c7951a81bbcf6fed751f3d2eee92e3a08e40776a666a9e6 36.70MB / 101.72MB 102.1s
#6 sha256:2eba1327e4ee733c2fc179d4374352f1bd5f97ee765e6d61fe775b3a276ad721 38.80MB / 67.28MB 103.7s
#6 sha256:4c42d76d86e62d2e9e033c4f68f4a7570d5450a827db9368a081efd1fc7b03bc 37.75MB / 56.33MB 105.5s
#6 sha256:c4ec8ba8fd34767c7c7951a81bbcf6fed751f3d2eee92e3a08e40776a666a9e6 39.85MB / 101.72MB 107.2s
#6 sha256:2eba1327e4ee733c2fc179d4374352f1bd5f97ee765e6d61fe775b3a276ad721 40.89MB / 67.28MB 108.8s
#6 sha256:4c42d76d86e62d2e9e033c4f68f4a7570d5450a827db9368a081efd1fc7b03bc 40.89MB / 56.33MB 109.6s
#6 sha256:c4ec8ba8fd34767c7c7951a81bbcf6fed751f3d2eee92e3a08e40776a666a9e6 41.94MB / 101.72MB 112.4s
#6 sha256:4c42d76d86e62d2e9e033c4f68f4a7570d5450a827db9368a081efd1fc7b03bc 44.04MB / 56.33MB 113.3s
#6 sha256:2eba1327e4ee733c2fc179d4374352f1bd5f97ee765e6d61fe775b3a276ad721 44.04MB / 67.28MB 113.9s
#6 sha256:4c42d76d86e62d2e9e033c4f68f4a7570d5450a827db9368a081efd1fc7b03bc 47.19MB / 56.33MB 116.3s
#6 sha256:c4ec8ba8fd34767c7c7951a81bbcf6fed751f3d2eee92e3a08e40776a666a9e6 46.14MB / 101.72MB 117.5s
#6 sha256:4c42d76d86e62d2e9e033c4f68f4a7570d5450a827db9368a081efd1fc7b03bc 50.33MB / 56.33MB 118.9s
#6 sha256:2eba1327e4ee733c2fc179d4374352f1bd5f97ee765e6d61fe775b3a276ad721 47.19MB / 67.28MB 119.0s
#6 sha256:c4ec8ba8fd34767c7c7951a81bbcf6fed751f3d2eee92e3a08e40776a666a9e6 50.33MB / 101.72MB 122.6s
#6 sha256:4c42d76d86e62d2e9e033c4f68f4a7570d5450a827db9368a081efd1fc7b03bc 53.46MB / 56.33MB 122.9s
#6 sha256:2eba1327e4ee733c2fc179d4374352f1bd5f97ee765e6d61fe775b3a276ad721 50.33MB / 67.28MB 124.1s
#6 sha256:4c42d76d86e62d2e9e033c4f68f4a7570d5450a827db9368a081efd1fc7b03bc 56.33MB / 56.33MB 125.8s
#6 sha256:4c42d76d86e62d2e9e033c4f68f4a7570d5450a827db9368a081efd1fc7b03bc 56.33MB / 56.33MB 127.2s done
#6 extracting sha256:4c42d76d86e62d2e9e033c4f68f4a7570d5450a827db9368a081efd1fc7b03bc
#6 sha256:c4ec8ba8fd34767c7c7951a81bbcf6fed751f3d2eee92e3a08e40776a666a9e6 54.53MB / 101.72MB 127.7s
#6 sha256:2eba1327e4ee733c2fc179d4374352f1bd5f97ee765e6d61fe775b3a276ad721 54.53MB / 67.28MB 129.2s
#6 sha256:c4ec8ba8fd34767c7c7951a81bbcf6fed751f3d2eee92e3a08e40776a666a9e6 58.72MB / 101.72MB 132.8s
#6 sha256:2eba1327e4ee733c2fc179d4374352f1bd5f97ee765e6d61fe775b3a276ad721 57.67MB / 67.28MB 134.3s
#6 sha256:c4ec8ba8fd34767c7c7951a81bbcf6fed751f3d2eee92e3a08e40776a666a9e6 63.96MB / 101.72MB 134.9s
#6 sha256:c4ec8ba8fd34767c7c7951a81bbcf6fed751f3d2eee92e3a08e40776a666a9e6 69.21MB / 101.72MB 137.9s
#6 extracting sha256:4c42d76d86e62d2e9e033c4f68f4a7570d5450a827db9368a081efd1fc7b03bc 11.8s done
#6 sha256:2eba1327e4ee733c2fc179d4374352f1bd5f97ee765e6d61fe775b3a276ad721 60.82MB / 67.28MB 139.4s
#6 sha256:c4ec8ba8fd34767c7c7951a81bbcf6fed751f3d2eee92e3a08e40776a666a9e6 74.45MB / 101.72MB 140.8s
#6 sha256:c4ec8ba8fd34767c7c7951a81bbcf6fed751f3d2eee92e3a08e40776a666a9e6 79.69MB / 101.72MB 143.2s
#6 sha256:2eba1327e4ee733c2fc179d4374352f1bd5f97ee765e6d61fe775b3a276ad721 63.96MB / 67.28MB 144.5s
#6 sha256:c4ec8ba8fd34767c7c7951a81bbcf6fed751f3d2eee92e3a08e40776a666a9e6 84.93MB / 101.72MB 147.5s
#6 sha256:2eba1327e4ee733c2fc179d4374352f1bd5f97ee765e6d61fe775b3a276ad721 67.28MB / 67.28MB 149.4s done
#6 extracting sha256:2eba1327e4ee733c2fc179d4374352f1bd5f97ee765e6d61fe775b3a276ad721
#6 sha256:c4ec8ba8fd34767c7c7951a81bbcf6fed751f3d2eee92e3a08e40776a666a9e6 90.18MB / 101.72MB 149.9s
#6 sha256:c4ec8ba8fd34767c7c7951a81bbcf6fed751f3d2eee92e3a08e40776a666a9e6 95.42MB / 101.72MB 152.5s
#6 sha256:c4ec8ba8fd34767c7c7951a81bbcf6fed751f3d2eee92e3a08e40776a666a9e6 100.66MB / 101.72MB 155.8s
#6 sha256:c4ec8ba8fd34767c7c7951a81bbcf6fed751f3d2eee92e3a08e40776a666a9e6 101.72MB / 101.72MB 156.6s done
#6 extracting sha256:2eba1327e4ee733c2fc179d4374352f1bd5f97ee765e6d61fe775b3a276ad721 31.0s done
#6 extracting sha256:1066b0b6e6cb40abb7e0c5c2080151810c44a78afd9a9d39ff9922e12efbbcbb 0.2s done
#6 extracting sha256:195943eba3e00703a42e966445adbfbaef9068ffa0b215273aeda1b63e944109 0.1s done
#6 DONE 182.0s

#6 [1/6] FROM docker.io/hyperledger/fabric-tools:2.5@sha256:1d163b2513453637c2eb8ffe00bfb367f6edb2fb824604818f30646f552c9f42
#6 extracting sha256:c4ec8ba8fd34767c7c7951a81bbcf6fed751f3d2eee92e3a08e40776a666a9e6
ERROR: failed to build: failed to receive status: rpc error: code = Unavailable desc = error reading from server: EOF
ERROR: Failed to build tools image 
